[2026-03-02 05:14:16] ═══ WAITING FOR EXPERIMENT C SEED137 TO FINISH ═══
[2026-03-02 05:14:16]   Still running (44 processes). Checking again in 60s...
[2026-03-02 05:15:16]   Still running (44 processes). Checking again in 60s...
[2026-03-02 05:16:16]   Still running (44 processes). Checking again in 60s...
[2026-03-02 05:17:16]   Still running (44 processes). Checking again in 60s...
[2026-03-02 05:18:16]   Still running (44 processes). Checking again in 60s...
[2026-03-02 05:19:16]   Still running (28 processes). Checking again in 60s...
[2026-03-02 05:20:16]   Still running (22 processes). Checking again in 60s...
[2026-03-02 05:21:16]   Still running (22 processes). Checking again in 60s...
[2026-03-02 05:22:16]   Still running (22 processes). Checking again in 60s...
[2026-03-02 05:23:16]   Still running (22 processes). Checking again in 60s...
[2026-03-02 05:24:16]   Still running (22 processes). Checking again in 60s...
[2026-03-02 05:25:16]   Still running (22 processes). Checking again in 60s...
[2026-03-02 05:26:16]   Still running (22 processes). Checking again in 60s...
[2026-03-02 05:27:16]   Still running (22 processes). Checking again in 60s...
[2026-03-02 05:28:16]   Still running (22 processes). Checking again in 60s...
[2026-03-02 05:29:16]   Still running (22 processes). Checking again in 60s...
[2026-03-02 05:30:16]   Still running (22 processes). Checking again in 60s...
[2026-03-02 05:31:16]   Still running (22 processes). Checking again in 60s...
[2026-03-02 05:32:16]   Still running (22 processes). Checking again in 60s...
[2026-03-02 05:33:16]   Still running (22 processes). Checking again in 60s...
[2026-03-02 05:34:16]   Still running (22 processes). Checking again in 60s...
[2026-03-02 05:35:16]   Still running (22 processes). Checking again in 60s...
[2026-03-02 05:36:16]   Still running (22 processes). Checking again in 60s...
[2026-03-02 05:37:16]   Still running (22 processes). Checking again in 60s...
[2026-03-02 05:38:16]   Still running (22 processes). Checking again in 60s...
[2026-03-02 05:39:16]   Still running (22 processes). Checking again in 60s...
[2026-03-02 05:40:16]   Still running (22 processes). Checking again in 60s...
[2026-03-02 05:41:16]   Still running (22 processes). Checking again in 60s...
[2026-03-02 05:42:16]   Still running (22 processes). Checking again in 60s...
[2026-03-02 05:43:16]   Still running (22 processes). Checking again in 60s...
[2026-03-02 05:44:16]   Still running (22 processes). Checking again in 60s...
[2026-03-02 05:45:16]   Still running (22 processes). Checking again in 60s...
[2026-03-02 05:46:16]   Still running (22 processes). Checking again in 60s...
[2026-03-02 05:47:16]   Still running (22 processes). Checking again in 60s...
[2026-03-02 05:48:16]   Still running (22 processes). Checking again in 60s...
[2026-03-02 05:49:16]   Still running (22 processes). Checking again in 60s...
[2026-03-02 05:50:16]   Still running (22 processes). Checking again in 60s...
[2026-03-02 05:51:16]   Still running (22 processes). Checking again in 60s...
[2026-03-02 05:52:16]   Still running (22 processes). Checking again in 60s...
[2026-03-02 05:53:16]   Still running (22 processes). Checking again in 60s...
[2026-03-02 05:54:16]   Still running (22 processes). Checking again in 60s...
[2026-03-02 05:55:16]   Still running (22 processes). Checking again in 60s...
[2026-03-02 05:56:16]   Still running (22 processes). Checking again in 60s...
[2026-03-02 05:57:16]   Still running (22 processes). Checking again in 60s...
[2026-03-02 05:58:16]   Still running (22 processes). Checking again in 60s...
[2026-03-02 05:59:16]   Still running (22 processes). Checking again in 60s...
[2026-03-02 06:00:16]   Still running (22 processes). Checking again in 60s...
[2026-03-02 06:01:16]   Still running (22 processes). Checking again in 60s...
[2026-03-02 06:02:16]   Still running (22 processes). Checking again in 60s...
[2026-03-02 06:03:16]   Still running (22 processes). Checking again in 60s...
[2026-03-02 06:04:16]   Still running (22 processes). Checking again in 60s...
[2026-03-02 06:05:16]   Still running (22 processes). Checking again in 60s...
[2026-03-02 06:06:16]   Still running (22 processes). Checking again in 60s...
[2026-03-02 06:07:16]   Still running (22 processes). Checking again in 60s...
[2026-03-02 06:08:16]   Still running (22 processes). Checking again in 60s...
[2026-03-02 06:09:16]   Still running (22 processes). Checking again in 60s...
[2026-03-02 06:10:16]   Still running (22 processes). Checking again in 60s...
[2026-03-02 06:11:16]   Still running (22 processes). Checking again in 60s...
[2026-03-02 06:12:16]   Still running (22 processes). Checking again in 60s...
[2026-03-02 06:13:16]   Still running (22 processes). Checking again in 60s...
[2026-03-02 06:14:16]   Still running (22 processes). Checking again in 60s...
[2026-03-02 06:15:16]   Still running (22 processes). Checking again in 60s...
[2026-03-02 06:16:16]   Still running (22 processes). Checking again in 60s...
[2026-03-02 06:17:16]   Still running (22 processes). Checking again in 60s...
[2026-03-02 06:18:16]   Still running (22 processes). Checking again in 60s...
[2026-03-02 06:19:16]   Still running (22 processes). Checking again in 60s...
[2026-03-02 06:20:16]   Still running (22 processes). Checking again in 60s...
[2026-03-02 06:21:16]   Still running (22 processes). Checking again in 60s...
[2026-03-02 06:22:16]   Still running (22 processes). Checking again in 60s...
[2026-03-02 06:23:16]   Still running (22 processes). Checking again in 60s...
[2026-03-02 06:24:16]   Still running (22 processes). Checking again in 60s...
[2026-03-02 06:25:16]   Still running (22 processes). Checking again in 60s...
[2026-03-02 06:26:16]   Still running (22 processes). Checking again in 60s...
[2026-03-02 06:27:16]   Still running (22 processes). Checking again in 60s...
[2026-03-02 06:28:17]   Still running (22 processes). Checking again in 60s...
[2026-03-02 06:29:17]   Still running (22 processes). Checking again in 60s...
[2026-03-02 06:30:17]   Still running (22 processes). Checking again in 60s...
[2026-03-02 06:31:17]   Still running (22 processes). Checking again in 60s...
[2026-03-02 06:32:17]   Still running (22 processes). Checking again in 60s...
[2026-03-02 06:33:17]   Still running (22 processes). Checking again in 60s...
[2026-03-02 06:34:17]   Still running (22 processes). Checking again in 60s...
[2026-03-02 06:35:17]   Still running (22 processes). Checking again in 60s...
[2026-03-02 06:36:17]   Still running (22 processes). Checking again in 60s...
[2026-03-02 06:37:17]   Still running (22 processes). Checking again in 60s...
[2026-03-02 06:38:17]   Still running (22 processes). Checking again in 60s...
[2026-03-02 06:39:17]   Still running (22 processes). Checking again in 60s...
[2026-03-02 06:40:17]   Still running (22 processes). Checking again in 60s...
[2026-03-02 06:41:17]   Still running (22 processes). Checking again in 60s...
[2026-03-02 06:42:17]   Still running (22 processes). Checking again in 60s...
[2026-03-02 06:43:17]   Still running (22 processes). Checking again in 60s...
[2026-03-02 06:44:17]   Still running (22 processes). Checking again in 60s...
[2026-03-02 06:45:17]   Still running (22 processes). Checking again in 60s...
[2026-03-02 06:46:17]   Still running (22 processes). Checking again in 60s...
[2026-03-02 06:47:17]   Still running (22 processes). Checking again in 60s...
[2026-03-02 06:48:17]   Still running (22 processes). Checking again in 60s...
[2026-03-02 06:49:17]   Still running (22 processes). Checking again in 60s...
[2026-03-02 06:50:17]   Still running (22 processes). Checking again in 60s...
[2026-03-02 06:51:17]   Still running (22 processes). Checking again in 60s...
[2026-03-02 06:52:17]   Still running (22 processes). Checking again in 60s...
[2026-03-02 06:53:17]   Still running (22 processes). Checking again in 60s...
[2026-03-02 06:54:17]   Still running (22 processes). Checking again in 60s...
[2026-03-02 06:55:17]   Still running (22 processes). Checking again in 60s...
[2026-03-02 06:56:17]   Still running (22 processes). Checking again in 60s...
[2026-03-02 06:57:17]   Still running (22 processes). Checking again in 60s...
[2026-03-02 06:58:17]   Still running (22 processes). Checking again in 60s...
[2026-03-02 06:59:17]   Still running (22 processes). Checking again in 60s...
[2026-03-02 07:00:17]   Still running (22 processes). Checking again in 60s...
[2026-03-02 07:01:17]   Still running (22 processes). Checking again in 60s...
[2026-03-02 07:02:17]   Still running (22 processes). Checking again in 60s...
[2026-03-02 07:03:17]   Still running (22 processes). Checking again in 60s...
[2026-03-02 07:04:17]   Still running (22 processes). Checking again in 60s...
[2026-03-02 07:05:17]   Still running (22 processes). Checking again in 60s...
[2026-03-02 07:06:17]   Still running (22 processes). Checking again in 60s...
[2026-03-02 07:07:17]   Still running (22 processes). Checking again in 60s...
[2026-03-02 07:08:17]   Still running (22 processes). Checking again in 60s...
[2026-03-02 07:09:17]   Still running (22 processes). Checking again in 60s...
[2026-03-02 07:10:17]   Still running (22 processes). Checking again in 60s...
[2026-03-02 07:11:17]   Still running (22 processes). Checking again in 60s...
[2026-03-02 07:12:17]   Still running (22 processes). Checking again in 60s...
[2026-03-02 07:13:17]   Still running (22 processes). Checking again in 60s...
[2026-03-02 07:14:17]   Still running (22 processes). Checking again in 60s...
[2026-03-02 07:15:17]   Still running (22 processes). Checking again in 60s...
[2026-03-02 07:16:17]   Still running (22 processes). Checking again in 60s...
[2026-03-02 07:17:17]   Still running (22 processes). Checking again in 60s...
[2026-03-02 07:18:17]   Still running (22 processes). Checking again in 60s...
[2026-03-02 07:19:17]   Still running (22 processes). Checking again in 60s...
[2026-03-02 07:20:17]   Still running (22 processes). Checking again in 60s...
[2026-03-02 07:21:17]   Still running (22 processes). Checking again in 60s...
[2026-03-02 07:22:17]   Still running (22 processes). Checking again in 60s...
[2026-03-02 07:23:17]   Still running (22 processes). Checking again in 60s...
[2026-03-02 07:24:17]   Still running (22 processes). Checking again in 60s...
[2026-03-02 07:25:17]   Still running (22 processes). Checking again in 60s...
[2026-03-02 07:26:17]   Still running (22 processes). Checking again in 60s...
[2026-03-02 07:27:17]   Still running (22 processes). Checking again in 60s...
[2026-03-02 07:28:17]   Still running (22 processes). Checking again in 60s...
[2026-03-02 07:29:17]   Still running (22 processes). Checking again in 60s...
[2026-03-02 07:30:17]   Still running (22 processes). Checking again in 60s...
[2026-03-02 07:31:17]   Still running (22 processes). Checking again in 60s...
[2026-03-02 07:32:17]   Still running (22 processes). Checking again in 60s...
[2026-03-02 07:33:17]   Still running (22 processes). Checking again in 60s...
[2026-03-02 07:34:17]   Still running (22 processes). Checking again in 60s...
[2026-03-02 07:35:17]   Still running (22 processes). Checking again in 60s...
[2026-03-02 07:36:17]   Still running (22 processes). Checking again in 60s...
[2026-03-02 07:37:17]   Still running (22 processes). Checking again in 60s...
[2026-03-02 07:38:17]   Still running (22 processes). Checking again in 60s...
[2026-03-02 07:39:17]   Still running (22 processes). Checking again in 60s...
[2026-03-02 07:40:17]   Still running (22 processes). Checking again in 60s...
[2026-03-02 07:41:17]   Still running (22 processes). Checking again in 60s...
[2026-03-02 07:42:17]   Still running (22 processes). Checking again in 60s...
[2026-03-02 07:43:17]   Still running (22 processes). Checking again in 60s...
[2026-03-02 07:44:17]   Still running (22 processes). Checking again in 60s...
[2026-03-02 07:45:17]   Still running (22 processes). Checking again in 60s...
[2026-03-02 07:46:17]   Still running (22 processes). Checking again in 60s...
[2026-03-02 07:47:17]   Still running (22 processes). Checking again in 60s...
[2026-03-02 07:48:17]   Still running (22 processes). Checking again in 60s...
[2026-03-02 07:49:17]   Still running (22 processes). Checking again in 60s...
[2026-03-02 07:50:17]   Still running (22 processes). Checking again in 60s...
[2026-03-02 07:51:17]   Still running (22 processes). Checking again in 60s...
[2026-03-02 07:52:17]   Still running (22 processes). Checking again in 60s...
[2026-03-02 07:53:17]   Still running (22 processes). Checking again in 60s...
[2026-03-02 07:54:17]   Still running (22 processes). Checking again in 60s...
[2026-03-02 07:55:17]   Still running (30 processes). Checking again in 60s...
[2026-03-02 07:56:17]   Still running (6 processes). Checking again in 60s...
[2026-03-02 07:57:17] All experiment_c processes have exited.
[2026-03-02 07:57:27] Verifying GPUs are free...
[2026-03-02 07:57:28]   Total GPU memory in use: 151468 MiB
[2026-03-02 07:57:28] WARNING: GPUs still have 151468 MiB in use. Waiting 30s...
[2026-03-02 07:57:58] ═══ RUNNING SMOKE TEST (100 steps, 2 GPUs each) ═══
[Mon Mar  2 07:57:58 UTC 2026] ═══ SMOKE TEST (100 steps, 2 GPUs each) ═══
[Mon Mar  2 07:57:58 UTC 2026] Baseline PID=430812, Thin keys PID=430813
[Mon Mar  2 07:57:58 UTC 2026] Waiting for smoke tests...

Monitor:
  tail -f /root/d_select/paper/experiments/logs/expC2_7b_full_attn_smoke.log
  tail -f /root/d_select/paper/experiments/logs/expC2_7b_thin1024_smoke.log
