[2026-03-02 05:28:23] Waiting for experiment_c full_attn seed137 to finish...
[2026-03-02 05:28:23]   Still running (22 processes). Checking in 60s...
[2026-03-02 05:29:23]   Still running (22 processes). Checking in 60s...
[2026-03-02 05:30:23]   Still running (22 processes). Checking in 60s...
[2026-03-02 05:31:23]   Still running (22 processes). Checking in 60s...
[2026-03-02 05:32:23]   Still running (22 processes). Checking in 60s...
[2026-03-02 05:33:23]   Still running (22 processes). Checking in 60s...
[2026-03-02 05:34:23]   Still running (22 processes). Checking in 60s...
[2026-03-02 05:35:23]   Still running (22 processes). Checking in 60s...
[2026-03-02 05:36:23]   Still running (22 processes). Checking in 60s...
[2026-03-02 05:37:23]   Still running (22 processes). Checking in 60s...
[2026-03-02 05:38:23]   Still running (22 processes). Checking in 60s...
[2026-03-02 05:39:23]   Still running (22 processes). Checking in 60s...
[2026-03-02 05:40:23]   Still running (22 processes). Checking in 60s...
[2026-03-02 05:41:23]   Still running (22 processes). Checking in 60s...
[2026-03-02 05:42:23]   Still running (22 processes). Checking in 60s...
[2026-03-02 05:43:23]   Still running (22 processes). Checking in 60s...
[2026-03-02 05:44:23]   Still running (22 processes). Checking in 60s...
[2026-03-02 05:45:23]   Still running (22 processes). Checking in 60s...
[2026-03-02 05:46:23]   Still running (22 processes). Checking in 60s...
[2026-03-02 05:47:23]   Still running (22 processes). Checking in 60s...
[2026-03-02 05:48:23]   Still running (22 processes). Checking in 60s...
[2026-03-02 05:49:23]   Still running (22 processes). Checking in 60s...
[2026-03-02 05:50:23]   Still running (22 processes). Checking in 60s...
[2026-03-02 05:51:23]   Still running (22 processes). Checking in 60s...
[2026-03-02 05:52:23]   Still running (22 processes). Checking in 60s...
[2026-03-02 05:53:23]   Still running (22 processes). Checking in 60s...
[2026-03-02 05:54:23]   Still running (22 processes). Checking in 60s...
[2026-03-02 05:55:23]   Still running (22 processes). Checking in 60s...
[2026-03-02 05:56:23]   Still running (22 processes). Checking in 60s...
[2026-03-02 05:57:23]   Still running (22 processes). Checking in 60s...
[2026-03-02 05:58:23]   Still running (22 processes). Checking in 60s...
[2026-03-02 05:59:23]   Still running (22 processes). Checking in 60s...
[2026-03-02 06:00:23]   Still running (22 processes). Checking in 60s...
[2026-03-02 06:01:23]   Still running (22 processes). Checking in 60s...
[2026-03-02 06:02:23]   Still running (22 processes). Checking in 60s...
[2026-03-02 06:03:23]   Still running (22 processes). Checking in 60s...
[2026-03-02 06:04:23]   Still running (22 processes). Checking in 60s...
[2026-03-02 06:05:23]   Still running (22 processes). Checking in 60s...
[2026-03-02 06:06:23]   Still running (22 processes). Checking in 60s...
[2026-03-02 06:07:23]   Still running (22 processes). Checking in 60s...
[2026-03-02 06:08:23]   Still running (22 processes). Checking in 60s...
[2026-03-02 06:09:23]   Still running (22 processes). Checking in 60s...
[2026-03-02 06:10:23]   Still running (22 processes). Checking in 60s...
[2026-03-02 06:11:23]   Still running (22 processes). Checking in 60s...
[2026-03-02 06:12:23]   Still running (22 processes). Checking in 60s...
[2026-03-02 06:13:23]   Still running (22 processes). Checking in 60s...
[2026-03-02 06:14:23]   Still running (22 processes). Checking in 60s...
[2026-03-02 06:15:23]   Still running (22 processes). Checking in 60s...
[2026-03-02 06:16:23]   Still running (22 processes). Checking in 60s...
[2026-03-02 06:17:23]   Still running (22 processes). Checking in 60s...
[2026-03-02 06:18:23]   Still running (22 processes). Checking in 60s...
[2026-03-02 06:19:23]   Still running (22 processes). Checking in 60s...
[2026-03-02 06:20:23]   Still running (22 processes). Checking in 60s...
[2026-03-02 06:21:23]   Still running (22 processes). Checking in 60s...
[2026-03-02 06:22:23]   Still running (22 processes). Checking in 60s...
[2026-03-02 06:23:23]   Still running (22 processes). Checking in 60s...
[2026-03-02 06:24:23]   Still running (22 processes). Checking in 60s...
[2026-03-02 06:25:23]   Still running (22 processes). Checking in 60s...
[2026-03-02 06:26:23]   Still running (22 processes). Checking in 60s...
[2026-03-02 06:27:23]   Still running (22 processes). Checking in 60s...
[2026-03-02 06:28:23]   Still running (22 processes). Checking in 60s...
[2026-03-02 06:29:23]   Still running (22 processes). Checking in 60s...
[2026-03-02 06:30:23]   Still running (22 processes). Checking in 60s...
[2026-03-02 06:31:23]   Still running (22 processes). Checking in 60s...
[2026-03-02 06:32:23]   Still running (22 processes). Checking in 60s...
[2026-03-02 06:33:23]   Still running (22 processes). Checking in 60s...
[2026-03-02 06:34:23]   Still running (22 processes). Checking in 60s...
[2026-03-02 06:35:23]   Still running (22 processes). Checking in 60s...
[2026-03-02 06:36:23]   Still running (22 processes). Checking in 60s...
[2026-03-02 06:37:23]   Still running (22 processes). Checking in 60s...
[2026-03-02 06:38:23]   Still running (22 processes). Checking in 60s...
[2026-03-02 06:39:23]   Still running (22 processes). Checking in 60s...
[2026-03-02 06:40:24]   Still running (22 processes). Checking in 60s...
[2026-03-02 06:41:24]   Still running (22 processes). Checking in 60s...
[2026-03-02 06:42:24]   Still running (22 processes). Checking in 60s...
[2026-03-02 06:43:24]   Still running (22 processes). Checking in 60s...
[2026-03-02 06:44:24]   Still running (22 processes). Checking in 60s...
[2026-03-02 06:45:24]   Still running (22 processes). Checking in 60s...
[2026-03-02 06:46:24]   Still running (22 processes). Checking in 60s...
[2026-03-02 06:47:24]   Still running (22 processes). Checking in 60s...
[2026-03-02 06:48:24]   Still running (22 processes). Checking in 60s...
[2026-03-02 06:49:24]   Still running (22 processes). Checking in 60s...
[2026-03-02 06:50:24]   Still running (22 processes). Checking in 60s...
[2026-03-02 06:51:24]   Still running (22 processes). Checking in 60s...
[2026-03-02 06:52:24]   Still running (22 processes). Checking in 60s...
[2026-03-02 06:53:24]   Still running (22 processes). Checking in 60s...
[2026-03-02 06:54:24]   Still running (22 processes). Checking in 60s...
[2026-03-02 06:55:24]   Still running (22 processes). Checking in 60s...
[2026-03-02 06:56:24]   Still running (22 processes). Checking in 60s...
[2026-03-02 06:57:24]   Still running (22 processes). Checking in 60s...
[2026-03-02 06:58:24]   Still running (22 processes). Checking in 60s...
[2026-03-02 06:59:24]   Still running (22 processes). Checking in 60s...
[2026-03-02 07:00:24]   Still running (22 processes). Checking in 60s...
[2026-03-02 07:01:24]   Still running (22 processes). Checking in 60s...
[2026-03-02 07:02:24]   Still running (22 processes). Checking in 60s...
[2026-03-02 07:03:24]   Still running (22 processes). Checking in 60s...
[2026-03-02 07:04:24]   Still running (22 processes). Checking in 60s...
[2026-03-02 07:05:24]   Still running (22 processes). Checking in 60s...
[2026-03-02 07:06:24]   Still running (22 processes). Checking in 60s...
[2026-03-02 07:07:24]   Still running (22 processes). Checking in 60s...
[2026-03-02 07:08:24]   Still running (22 processes). Checking in 60s...
[2026-03-02 07:09:24]   Still running (22 processes). Checking in 60s...
[2026-03-02 07:10:24]   Still running (22 processes). Checking in 60s...
[2026-03-02 07:11:24]   Still running (22 processes). Checking in 60s...
[2026-03-02 07:12:24]   Still running (22 processes). Checking in 60s...
[2026-03-02 07:13:24]   Still running (22 processes). Checking in 60s...
[2026-03-02 07:14:24]   Still running (22 processes). Checking in 60s...
[2026-03-02 07:15:24]   Still running (22 processes). Checking in 60s...
[2026-03-02 07:16:24]   Still running (22 processes). Checking in 60s...
[2026-03-02 07:17:24]   Still running (22 processes). Checking in 60s...
[2026-03-02 07:18:24]   Still running (22 processes). Checking in 60s...
[2026-03-02 07:19:24]   Still running (22 processes). Checking in 60s...
[2026-03-02 07:20:24]   Still running (22 processes). Checking in 60s...
[2026-03-02 07:21:24]   Still running (22 processes). Checking in 60s...
[2026-03-02 07:22:24]   Still running (22 processes). Checking in 60s...
[2026-03-02 07:23:24]   Still running (22 processes). Checking in 60s...
[2026-03-02 07:24:24]   Still running (22 processes). Checking in 60s...
[2026-03-02 07:25:24]   Still running (22 processes). Checking in 60s...
[2026-03-02 07:26:24]   Still running (22 processes). Checking in 60s...
[2026-03-02 07:27:24]   Still running (22 processes). Checking in 60s...
[2026-03-02 07:28:24]   Still running (22 processes). Checking in 60s...
[2026-03-02 07:29:24]   Still running (22 processes). Checking in 60s...
[2026-03-02 07:30:24]   Still running (22 processes). Checking in 60s...
[2026-03-02 07:31:24]   Still running (22 processes). Checking in 60s...
[2026-03-02 07:32:24]   Still running (22 processes). Checking in 60s...
[2026-03-02 07:33:24]   Still running (22 processes). Checking in 60s...
[2026-03-02 07:34:24]   Still running (22 processes). Checking in 60s...
[2026-03-02 07:35:24]   Still running (22 processes). Checking in 60s...
[2026-03-02 07:36:24]   Still running (22 processes). Checking in 60s...
[2026-03-02 07:37:24]   Still running (22 processes). Checking in 60s...
[2026-03-02 07:38:24]   Still running (22 processes). Checking in 60s...
[2026-03-02 07:39:24]   Still running (22 processes). Checking in 60s...
[2026-03-02 07:40:24]   Still running (22 processes). Checking in 60s...
[2026-03-02 07:41:24]   Still running (22 processes). Checking in 60s...
[2026-03-02 07:42:24]   Still running (22 processes). Checking in 60s...
[2026-03-02 07:43:24]   Still running (22 processes). Checking in 60s...
[2026-03-02 07:44:24]   Still running (22 processes). Checking in 60s...
[2026-03-02 07:45:24]   Still running (22 processes). Checking in 60s...
[2026-03-02 07:46:24]   Still running (22 processes). Checking in 60s...
[2026-03-02 07:47:24]   Still running (22 processes). Checking in 60s...
[2026-03-02 07:48:24]   Still running (22 processes). Checking in 60s...
[2026-03-02 07:49:24]   Still running (22 processes). Checking in 60s...
[2026-03-02 07:50:24]   Still running (22 processes). Checking in 60s...
[2026-03-02 07:51:24]   Still running (22 processes). Checking in 60s...
[2026-03-02 07:52:24]   Still running (22 processes). Checking in 60s...
[2026-03-02 07:53:24]   Still running (22 processes). Checking in 60s...
[2026-03-02 07:54:24]   Still running (22 processes). Checking in 60s...
[2026-03-02 07:55:24]   Still running (6 processes). Checking in 60s...
[2026-03-02 07:56:24]   Still running (6 processes). Checking in 60s...
[2026-03-02 07:57:24] full_attn seed137 done. GPUs 0-3 free.
[2026-03-02 07:57:34] Launching C2 full_attn on GPUs 0-3...
[2026-03-13 05:34:19] C2 full_attn finished (exit code: 0)
