======================================================================
Experiment D: expD_125M_mla512
======================================================================
Method:    mla {'d_compressed': 512}
Model:     125M (d=768, heads=12, layers=12)
KV cache:  512 elem/tok/layer (baseline=1536, saving=66.7%)

Loading data...
  wiki.train.tokens: 101,425,671 words
  wiki.valid.tokens: 213,886 words
  wiki.test.tokens: 241,211 words
  Using wikitext-103
Vocabulary: 21,822 tokens (min_freq=200, 229,445 unique words)
Train: 195396 seqs, Val: 412, Test: 464

Parameters: 101.7M total, 28.3M attention

Training (30535 steps, 5 epochs)...
----------------------------------------------------------------------
  Epoch 1/5: train_ppl=72.32 val_ppl=34.51 tok/s=52377 lr=0.000285 (1912s)
  Epoch 2/5: train_ppl=30.72 val_ppl=27.29 tok/s=39032 lr=0.000215 (2566s)
  Epoch 3/5: train_ppl=24.50 val_ppl=24.09 tok/s=40528 lr=0.000116 (2470s)
  Epoch 4/5: train_ppl=20.26 val_ppl=22.60 tok/s=32040 lr=0.000033 (3124s)
  Epoch 5/5: train_ppl=17.79 val_ppl=22.80 tok/s=52413 lr=0.000030 (1910s)
----------------------------------------------------------------------
Best val PPL: 22.60 (epoch 4)
Test PPL: 23.23

Results saved to /root/d_select/paper/experiments/logs/expD_125M_mla512.json

SUMMARY: mla        kv=  512 params=101.7M val_ppl=22.60 test_ppl=23.23
